I'm sorry, but errors were detected in your script. Please correct the
errors listed below, and try again.


File "game/relationship_screen.rpy", line 7: invalid syntax
        ep2_julia_kiss = False
         ^

Ren'Py Version: Ren'Py 8.2.1.24030407
Fri Mar 22 20:54:46 2024
